info: Microsoft.EntityFrameworkCore.Database.Command[20101]
      Executed DbCommand (15ms) [Parameters=[], CommandType='Text', CommandTimeout='30']
      SELECT 1
info: Microsoft.EntityFrameworkCore.Database.Command[20101]
      Executed DbCommand (14ms) [Parameters=[], CommandType='Text', CommandTimeout='30']
      SELECT OBJECT_ID(N'[__EFMigrationsHistory]');
info: Microsoft.EntityFrameworkCore.Database.Command[20101]
      Executed DbCommand (1ms) [Parameters=[], CommandType='Text', CommandTimeout='30']
      SELECT 1
info: Microsoft.EntityFrameworkCore.Database.Command[20101]
      Executed DbCommand (5ms) [Parameters=[], CommandType='Text', CommandTimeout='30']
      SELECT OBJECT_ID(N'[__EFMigrationsHistory]');
info: Microsoft.EntityFrameworkCore.Database.Command[20101]
      Executed DbCommand (5ms) [Parameters=[], CommandType='Text', CommandTimeout='30']
      SELECT [MigrationId], [ProductVersion]
      FROM [__EFMigrationsHistory]
      ORDER BY [MigrationId];
info: Microsoft.EntityFrameworkCore.Migrations[20405]
      No migrations were applied. The database is already up to date.
info: Microsoft.EntityFrameworkCore.Database.Command[20101]
      Executed DbCommand (12ms) [Parameters=[@__email_0='?' (Size = 255), @__username_1='?' (Size = 50)], CommandType='Text', CommandTimeout='30']
      SELECT TOP(1) [u].[Id], [u].[CreatedAt], [u].[DisplayName], [u].[Email], [u].[IsActive], [u].[LastLogin], [u].[PasswordHash], [u].[Role], [u].[UpdatedAt], [u].[Username]
      FROM [Users] AS [u]
      WHERE [u].[Email] = @__email_0 OR [u].[Username] = @__username_1
info: Microsoft.EntityFrameworkCore.Database.Command[20101]
      Executed DbCommand (3ms) [Parameters=[@p2='?' (Size = 50), @p0='?' (Size = 255), @p1='?' (DbType = DateTime2)], CommandType='Text', CommandTimeout='30']
      SET IMPLICIT_TRANSACTIONS OFF;
      SET NOCOUNT ON;
      UPDATE [Users] SET [PasswordHash] = @p0, [UpdatedAt] = @p1
      OUTPUT 1
      WHERE [Id] = @p2;
info: Microsoft.EntityFrameworkCore.Database.Command[20101]
      Executed DbCommand (1ms) [Parameters=[@__email_0='?' (Size = 255), @__username_1='?' (Size = 50)], CommandType='Text', CommandTimeout='30']
      SELECT TOP(1) [u].[Id], [u].[CreatedAt], [u].[DisplayName], [u].[Email], [u].[IsActive], [u].[LastLogin], [u].[PasswordHash], [u].[Role], [u].[UpdatedAt], [u].[Username]
      FROM [Users] AS [u]
      WHERE [u].[Email] = @__email_0 OR [u].[Username] = @__username_1
info: Microsoft.EntityFrameworkCore.Database.Command[20101]
      Executed DbCommand (2ms) [Parameters=[@p2='?' (Size = 50), @p0='?' (Size = 255), @p1='?' (DbType = DateTime2)], CommandType='Text', CommandTimeout='30']
      SET IMPLICIT_TRANSACTIONS OFF;
      SET NOCOUNT ON;
      UPDATE [Users] SET [PasswordHash] = @p0, [UpdatedAt] = @p1
      OUTPUT 1
      WHERE [Id] = @p2;
info: Microsoft.EntityFrameworkCore.Database.Command[20101]
      Executed DbCommand (3ms) [Parameters=[@__user_Id_0='?' (Size = 50)], CommandType='Text', CommandTimeout='30']
      SELECT TOP(1) [c].[Id], [c].[CreatedAt], [c].[Name], [c].[SmsCostPerMessage], [c].[Ssidn], [c].[UpdatedAt], [c].[UserId]
      FROM [Clients] AS [c]
      WHERE [c].[UserId] = @__user_Id_0
info: Microsoft.EntityFrameworkCore.Database.Command[20101]
      Executed DbCommand (2ms) [Parameters=[@__clientId_0='?' (Size = 50)], CommandType='Text', CommandTimeout='30']
      SELECT TOP(1) [c].[Id], [c].[ClientId], [c].[CreatedAt], [c].[SmsGatewayId]
      FROM [ClientSmsGateways] AS [c]
      WHERE [c].[ClientId] = @__clientId_0
info: Microsoft.EntityFrameworkCore.Database.Command[20101]
      Executed DbCommand (3ms) [Parameters=[@__mapping_SmsGatewayId_0='?' (Size = 50)], CommandType='Text', CommandTimeout='30']
      SELECT [s].[Id], [s].[CreatedAt], [s].[Key], [s].[SmsGatewayId], [s].[Value]
      FROM [SmsGatewayCredentials] AS [s]
      WHERE [s].[SmsGatewayId] = @__mapping_SmsGatewayId_0
info: Microsoft.EntityFrameworkCore.Database.Command[20101]
      Executed DbCommand (3ms) [Parameters=[@__standardUser_Id_0='?' (Size = 50)], CommandType='Text', CommandTimeout='30']
      SELECT TOP(1) [c].[Id], [c].[CreatedAt], [c].[Name], [c].[SmsCostPerMessage], [c].[Ssidn], [c].[UpdatedAt], [c].[UserId]
      FROM [Clients] AS [c]
      WHERE [c].[UserId] = @__standardUser_Id_0
info: Microsoft.EntityFrameworkCore.Database.Command[20101]
      Executed DbCommand (3ms) [Parameters=[@__clientId_0='?' (Size = 50)], CommandType='Text', CommandTimeout='30']
      SELECT CASE
          WHEN EXISTS (
              SELECT 1
              FROM [Recipients] AS [r]
              WHERE [r].[ClientId] = @__clientId_0) THEN CAST(1 AS bit)
          ELSE CAST(0 AS bit)
      END
info: Microsoft.EntityFrameworkCore.Database.Command[20101]
      Executed DbCommand (1ms) [Parameters=[@__userId_0='?' (Size = 50), @__title_1='?' (Size = 255)], CommandType='Text', CommandTimeout='30']
      SELECT CASE
          WHEN EXISTS (
              SELECT 1
              FROM [Notifications] AS [n]
              WHERE [n].[UserId] = @__userId_0 AND [n].[Title] = @__title_1 AND [n].[Type] = N'System') THEN CAST(1 AS bit)
          ELSE CAST(0 AS bit)
      END
info: Microsoft.EntityFrameworkCore.Database.Command[20101]
      Executed DbCommand (0ms) [Parameters=[@__userId_0='?' (Size = 50), @__title_1='?' (Size = 255)], CommandType='Text', CommandTimeout='30']
      SELECT CASE
          WHEN EXISTS (
              SELECT 1
              FROM [Notifications] AS [n]
              WHERE [n].[UserId] = @__userId_0 AND [n].[Title] = @__title_1 AND [n].[Type] = N'System') THEN CAST(1 AS bit)
          ELSE CAST(0 AS bit)
      END
info: Program[0]
      Database seeding completed successfully.
warn: Microsoft.AspNetCore.DataProtection.Repositories.EphemeralXmlRepository[50]
      Using an in-memory repository. Keys will not be persisted to storage.
warn: Microsoft.AspNetCore.DataProtection.KeyManagement.XmlKeyManager[59]
      Neither user profile nor HKLM registry available. Using an ephemeral key repository. Protected data will be unavailable when application exits.
warn: Microsoft.AspNetCore.DataProtection.KeyManagement.XmlKeyManager[35]
      No XML encryptor configured. Key {0303f38f-086d-40f9-adf9-6a499150ca55} may be persisted to storage in unencrypted form.
info: Microsoft.EntityFrameworkCore.Database.Command[20101]
      Executed DbCommand (11ms) [Parameters=[], CommandType='Text', CommandTimeout='30']
      SELECT [n].[Id], [n].[CostAmount], [n].[CostCurrency], [n].[CreatedAt], [n].[DeliveredAt], [n].[ErrorReason], [n].[GatewayMessageId], [n].[GatewayPayload], [n].[Name], [n].[NotificationId], [n].[PhoneNumber], [n].[Status], [n].[UpdatedAt], [n0].[Id], [n0].[CreatedAt], [n0].[CreatedByUserId], [n0].[DeliveryStatus], [n0].[ErrorDetails], [n0].[IsRead], [n0].[Message], [n0].[ReadAt], [n0].[RecipientsSummary], [n0].[ReferenceId], [n0].[Title], [n0].[Type], [n0].[UserId]
      FROM [NotificationRecipients] AS [n]
      INNER JOIN [Notifications] AS [n0] ON [n].[NotificationId] = [n0].[Id]
      WHERE [n].[Status] = N'Pending' AND [n].[GatewayMessageId] IS NULL
info: Microsoft.Hosting.Lifetime[14]
      Now listening on: http://127.0.0.1:20596
info: Microsoft.Hosting.Lifetime[0]
      Application started. Press Ctrl+C to shut down.
info: Microsoft.Hosting.Lifetime[0]
      Hosting environment: Production
info: Microsoft.Hosting.Lifetime[0]
      Content root path: h:\root\home\steinovate-002\www\izwi
info: Microsoft.EntityFrameworkCore.Database.Command[20101]
      Executed DbCommand (3ms) [Parameters=[], CommandType='Text', CommandTimeout='30']
      SELECT [n].[Id], [n].[CostAmount], [n].[CostCurrency], [n].[CreatedAt], [n].[DeliveredAt], [n].[ErrorReason], [n].[GatewayMessageId], [n].[GatewayPayload], [n].[Name], [n].[NotificationId], [n].[PhoneNumber], [n].[Status], [n].[UpdatedAt], [n0].[Id], [n0].[CreatedAt], [n0].[CreatedByUserId], [n0].[DeliveryStatus], [n0].[ErrorDetails], [n0].[IsRead], [n0].[Message], [n0].[ReadAt], [n0].[RecipientsSummary], [n0].[ReferenceId], [n0].[Title], [n0].[Type], [n0].[UserId]
      FROM [NotificationRecipients] AS [n]
      INNER JOIN [Notifications] AS [n0] ON [n].[NotificationId] = [n0].[Id]
      WHERE [n].[GatewayMessageId] IS NOT NULL AND [n].[DeliveredAt] IS NULL
info: dotnet_api.Services.DeliveryStatusWorker[0]
      DeliveryStatusWorker checking 29 sent recipients
info: Microsoft.EntityFrameworkCore.Database.Command[20101]
      Executed DbCommand (1ms) [Parameters=[@__userId_0='?' (Size = 50)], CommandType='Text', CommandTimeout='30']
      SELECT TOP(1) [c].[Id], [c].[CreatedAt], [c].[Name], [c].[SmsCostPerMessage], [c].[Ssidn], [c].[UpdatedAt], [c].[UserId]
      FROM [Clients] AS [c]
      WHERE [c].[UserId] = @__userId_0
info: Microsoft.EntityFrameworkCore.Database.Command[20101]
      Executed DbCommand (1ms) [Parameters=[@__client_Id_0='?' (Size = 50)], CommandType='Text', CommandTimeout='30']
      SELECT TOP(1) [c].[Id], [c].[ClientId], [c].[CreatedAt], [c].[SmsGatewayId], [s].[Id], [s].[CreatedAt], [s].[IsActive], [s].[Name], [s].[Provider]
      FROM [ClientSmsGateways] AS [c]
      INNER JOIN [SmsGateways] AS [s] ON [c].[SmsGatewayId] = [s].[Id]
      WHERE [c].[ClientId] = @__client_Id_0
info: Microsoft.EntityFrameworkCore.Database.Command[20101]
      Executed DbCommand (1ms) [Parameters=[@__link_SmsGatewayId_0='?' (Size = 50)], CommandType='Text', CommandTimeout='30']
      SELECT [s].[Id], [s].[CreatedAt], [s].[Key], [s].[SmsGatewayId], [s].[Value]
      FROM [SmsGatewayCredentials] AS [s]
      WHERE [s].[SmsGatewayId] = @__link_SmsGatewayId_0
info: dotnet_api.Services.DeliveryStatusWorker[0]
      Phase2 GET https://tumirai.co.zw/v1/messages/msg_0d6ccf524339
info: System.Net.Http.HttpClient.Default.LogicalHandler[100]
      Start processing HTTP request GET https://tumirai.co.zw/v1/messages/msg_0d6ccf524339
info: System.Net.Http.HttpClient.Default.ClientHandler[100]
      Sending HTTP request GET https://tumirai.co.zw/v1/messages/msg_0d6ccf524339
info: Microsoft.EntityFrameworkCore.Database.Command[20101]
      Executed DbCommand (6ms) [Parameters=[], CommandType='Text', CommandTimeout='30']
      SELECT 1
info: Microsoft.EntityFrameworkCore.Database.Command[20101]
      Executed DbCommand (1ms) [Parameters=[], CommandType='Text', CommandTimeout='30']
      SELECT 1
info: Microsoft.EntityFrameworkCore.Database.Command[20101]
      Executed DbCommand (3ms) [Parameters=[], CommandType='Text', CommandTimeout='30']
      SELECT OBJECT_ID(N'[__EFMigrationsHistory]');
info: Microsoft.EntityFrameworkCore.Database.Command[20101]
      Executed DbCommand (1ms) [Parameters=[], CommandType='Text', CommandTimeout='30']
      SELECT [MigrationId], [ProductVersion]
      FROM [__EFMigrationsHistory]
      ORDER BY [MigrationId];
info: System.Net.Http.HttpClient.Default.ClientHandler[101]
      Received HTTP response headers after 332.6884ms - 200
info: System.Net.Http.HttpClient.Default.LogicalHandler[101]
      End processing HTTP request after 342.9315ms - 200
info: dotnet_api.Services.DeliveryStatusWorker[0]
      Phase2 GET https://tumirai.co.zw/v1/messages/msg_7e5f7adf4fe8
info: System.Net.Http.HttpClient.Default.LogicalHandler[100]
      Start processing HTTP request GET https://tumirai.co.zw/v1/messages/msg_7e5f7adf4fe8
info: System.Net.Http.HttpClient.Default.ClientHandler[100]
      Sending HTTP request GET https://tumirai.co.zw/v1/messages/msg_7e5f7adf4fe8
info: System.Net.Http.HttpClient.Default.ClientHandler[101]
      Received HTTP response headers after 92.4927ms - 200
info: System.Net.Http.HttpClient.Default.LogicalHandler[101]
      End processing HTTP request after 92.6037ms - 200
info: dotnet_api.Services.DeliveryStatusWorker[0]
      Phase2 GET https://tumirai.co.zw/v1/messages/msg_32997d59c348
info: System.Net.Http.HttpClient.Default.LogicalHandler[100]
      Start processing HTTP request GET https://tumirai.co.zw/v1/messages/msg_32997d59c348
info: System.Net.Http.HttpClient.Default.ClientHandler[100]
      Sending HTTP request GET https://tumirai.co.zw/v1/messages/msg_32997d59c348
info: System.Net.Http.HttpClient.Default.ClientHandler[101]
      Received HTTP response headers after 91.7144ms - 200
info: System.Net.Http.HttpClient.Default.LogicalHandler[101]
      End processing HTTP request after 91.875ms - 200
info: dotnet_api.Services.DeliveryStatusWorker[0]
      Phase2 GET https://tumirai.co.zw/v1/messages/msg_82dcff02835b
info: System.Net.Http.HttpClient.Default.LogicalHandler[100]
      Start processing HTTP request GET https://tumirai.co.zw/v1/messages/msg_82dcff02835b
info: System.Net.Http.HttpClient.Default.ClientHandler[100]
      Sending HTTP request GET https://tumirai.co.zw/v1/messages/msg_82dcff02835b
info: System.Net.Http.HttpClient.Default.ClientHandler[101]
      Received HTTP response headers after 91.0629ms - 200
info: System.Net.Http.HttpClient.Default.LogicalHandler[101]
      End processing HTTP request after 91.1466ms - 200
info: dotnet_api.Services.DeliveryStatusWorker[0]
      Phase2 GET https://tumirai.co.zw/v1/messages/msg_2fc2acab1edf
info: System.Net.Http.HttpClient.Default.LogicalHandler[100]
      Start processing HTTP request GET https://tumirai.co.zw/v1/messages/msg_2fc2acab1edf
info: System.Net.Http.HttpClient.Default.ClientHandler[100]
      Sending HTTP request GET https://tumirai.co.zw/v1/messages/msg_2fc2acab1edf
info: System.Net.Http.HttpClient.Default.ClientHandler[101]
      Received HTTP response headers after 91.6306ms - 200
info: System.Net.Http.HttpClient.Default.LogicalHandler[101]
      End processing HTTP request after 91.7125ms - 200
info: dotnet_api.Services.DeliveryStatusWorker[0]
      Phase2 GET https://tumirai.co.zw/v1/messages/msg_f9c8a5f985b6
info: System.Net.Http.HttpClient.Default.LogicalHandler[100]
      Start processing HTTP request GET https://tumirai.co.zw/v1/messages/msg_f9c8a5f985b6
info: System.Net.Http.HttpClient.Default.ClientHandler[100]
      Sending HTTP request GET https://tumirai.co.zw/v1/messages/msg_f9c8a5f985b6
info: System.Net.Http.HttpClient.Default.ClientHandler[101]
      Received HTTP response headers after 91.4968ms - 200
info: System.Net.Http.HttpClient.Default.LogicalHandler[101]
      End processing HTTP request after 91.5925ms - 200
info: dotnet_api.Services.DeliveryStatusWorker[0]
      Phase2 GET https://tumirai.co.zw/v1/messages/msg_82788bdacee2
info: System.Net.Http.HttpClient.Default.LogicalHandler[100]
      Start processing HTTP request GET https://tumirai.co.zw/v1/messages/msg_82788bdacee2
info: System.Net.Http.HttpClient.Default.ClientHandler[100]
      Sending HTTP request GET https://tumirai.co.zw/v1/messages/msg_82788bdacee2
info: System.Net.Http.HttpClient.Default.ClientHandler[101]
      Received HTTP response headers after 92.2615ms - 200
info: System.Net.Http.HttpClient.Default.LogicalHandler[101]
      End processing HTTP request after 92.3438ms - 200
info: dotnet_api.Services.DeliveryStatusWorker[0]
      Phase2 GET https://tumirai.co.zw/v1/messages/msg_8dd8584171fe
info: System.Net.Http.HttpClient.Default.LogicalHandler[100]
      Start processing HTTP request GET https://tumirai.co.zw/v1/messages/msg_8dd8584171fe
info: System.Net.Http.HttpClient.Default.ClientHandler[100]
      Sending HTTP request GET https://tumirai.co.zw/v1/messages/msg_8dd8584171fe
info: System.Net.Http.HttpClient.Default.ClientHandler[101]
      Received HTTP response headers after 90.9413ms - 200
info: System.Net.Http.HttpClient.Default.LogicalHandler[101]
      End processing HTTP request after 91.0277ms - 200
info: dotnet_api.Services.DeliveryStatusWorker[0]
      Phase2 GET https://tumirai.co.zw/v1/messages/msg_4b6b08ffd697
info: System.Net.Http.HttpClient.Default.LogicalHandler[100]
      Start processing HTTP request GET https://tumirai.co.zw/v1/messages/msg_4b6b08ffd697
info: System.Net.Http.HttpClient.Default.ClientHandler[100]
      Sending HTTP request GET https://tumirai.co.zw/v1/messages/msg_4b6b08ffd697
info: System.Net.Http.HttpClient.Default.ClientHandler[101]
      Received HTTP response headers after 91.3279ms - 200
info: System.Net.Http.HttpClient.Default.LogicalHandler[101]
      End processing HTTP request after 91.4303ms - 200
info: dotnet_api.Services.DeliveryStatusWorker[0]
      Phase2 GET https://tumirai.co.zw/v1/messages/msg_5c82b72d79a4
info: System.Net.Http.HttpClient.Default.LogicalHandler[100]
      Start processing HTTP request GET https://tumirai.co.zw/v1/messages/msg_5c82b72d79a4
info: System.Net.Http.HttpClient.Default.ClientHandler[100]
      Sending HTTP request GET https://tumirai.co.zw/v1/messages/msg_5c82b72d79a4
info: System.Net.Http.HttpClient.Default.ClientHandler[101]
      Received HTTP response headers after 91.8378ms - 200
info: System.Net.Http.HttpClient.Default.LogicalHandler[101]
      End processing HTTP request after 91.9384ms - 200
info: dotnet_api.Services.DeliveryStatusWorker[0]
      Phase2 GET https://tumirai.co.zw/v1/messages/msg_f5fa832c7261
info: System.Net.Http.HttpClient.Default.LogicalHandler[100]
      Start processing HTTP request GET https://tumirai.co.zw/v1/messages/msg_f5fa832c7261
info: System.Net.Http.HttpClient.Default.ClientHandler[100]
      Sending HTTP request GET https://tumirai.co.zw/v1/messages/msg_f5fa832c7261
info: System.Net.Http.HttpClient.Default.ClientHandler[101]
      Received HTTP response headers after 91.4632ms - 200
info: System.Net.Http.HttpClient.Default.LogicalHandler[101]
      End processing HTTP request after 91.5609ms - 200
info: dotnet_api.Services.DeliveryStatusWorker[0]
      Phase2 GET https://tumirai.co.zw/v1/messages/msg_82080dbcc515
info: System.Net.Http.HttpClient.Default.LogicalHandler[100]
      Start processing HTTP request GET https://tumirai.co.zw/v1/messages/msg_82080dbcc515
info: System.Net.Http.HttpClient.Default.ClientHandler[100]
      Sending HTTP request GET https://tumirai.co.zw/v1/messages/msg_82080dbcc515
info: System.Net.Http.HttpClient.Default.ClientHandler[101]
      Received HTTP response headers after 91.6766ms - 200
info: System.Net.Http.HttpClient.Default.LogicalHandler[101]
      End processing HTTP request after 91.8511ms - 200
info: dotnet_api.Services.DeliveryStatusWorker[0]
      Phase2 GET https://tumirai.co.zw/v1/messages/msg_72e60081f1e9
info: System.Net.Http.HttpClient.Default.LogicalHandler[100]
      Start processing HTTP request GET https://tumirai.co.zw/v1/messages/msg_72e60081f1e9
info: System.Net.Http.HttpClient.Default.ClientHandler[100]
      Sending HTTP request GET https://tumirai.co.zw/v1/messages/msg_72e60081f1e9
info: System.Net.Http.HttpClient.Default.ClientHandler[101]
      Received HTTP response headers after 91.3411ms - 200
info: System.Net.Http.HttpClient.Default.LogicalHandler[101]
      End processing HTTP request after 91.4593ms - 200
info: dotnet_api.Services.DeliveryStatusWorker[0]
      Phase2 GET https://tumirai.co.zw/v1/messages/msg_7a8cd80f887b
info: System.Net.Http.HttpClient.Default.LogicalHandler[100]
      Start processing HTTP request GET https://tumirai.co.zw/v1/messages/msg_7a8cd80f887b
info: System.Net.Http.HttpClient.Default.ClientHandler[100]
      Sending HTTP request GET https://tumirai.co.zw/v1/messages/msg_7a8cd80f887b
info: System.Net.Http.HttpClient.Default.ClientHandler[101]
      Received HTTP response headers after 90.5919ms - 200
info: System.Net.Http.HttpClient.Default.LogicalHandler[101]
      End processing HTTP request after 90.6795ms - 200
info: dotnet_api.Services.DeliveryStatusWorker[0]
      Phase2 GET https://tumirai.co.zw/v1/messages/msg_004e6e68a036
info: System.Net.Http.HttpClient.Default.LogicalHandler[100]
      Start processing HTTP request GET https://tumirai.co.zw/v1/messages/msg_004e6e68a036
info: System.Net.Http.HttpClient.Default.ClientHandler[100]
      Sending HTTP request GET https://tumirai.co.zw/v1/messages/msg_004e6e68a036
info: System.Net.Http.HttpClient.Default.ClientHandler[101]
      Received HTTP response headers after 91.4806ms - 200
info: System.Net.Http.HttpClient.Default.LogicalHandler[101]
      End processing HTTP request after 91.568ms - 200
info: dotnet_api.Services.DeliveryStatusWorker[0]
      Phase2 GET https://tumirai.co.zw/v1/messages/msg_788438216292
info: System.Net.Http.HttpClient.Default.LogicalHandler[100]
      Start processing HTTP request GET https://tumirai.co.zw/v1/messages/msg_788438216292
info: System.Net.Http.HttpClient.Default.ClientHandler[100]
      Sending HTTP request GET https://tumirai.co.zw/v1/messages/msg_788438216292
info: System.Net.Http.HttpClient.Default.ClientHandler[101]
      Received HTTP response headers after 91.287ms - 200
info: System.Net.Http.HttpClient.Default.LogicalHandler[101]
      End processing HTTP request after 91.371ms - 200
info: dotnet_api.Services.DeliveryStatusWorker[0]
      Phase2 GET https://tumirai.co.zw/v1/messages/msg_becc49b47270
info: System.Net.Http.HttpClient.Default.LogicalHandler[100]
      Start processing HTTP request GET https://tumirai.co.zw/v1/messages/msg_becc49b47270
info: System.Net.Http.HttpClient.Default.ClientHandler[100]
      Sending HTTP request GET https://tumirai.co.zw/v1/messages/msg_becc49b47270
info: System.Net.Http.HttpClient.Default.ClientHandler[101]
      Received HTTP response headers after 91.4362ms - 200
info: System.Net.Http.HttpClient.Default.LogicalHandler[101]
      End processing HTTP request after 91.6301ms - 200
info: dotnet_api.Services.DeliveryStatusWorker[0]
      Phase2 GET https://tumirai.co.zw/v1/messages/msg_88cbe6494e05
info: System.Net.Http.HttpClient.Default.LogicalHandler[100]
      Start processing HTTP request GET https://tumirai.co.zw/v1/messages/msg_88cbe6494e05
info: System.Net.Http.HttpClient.Default.ClientHandler[100]
      Sending HTTP request GET https://tumirai.co.zw/v1/messages/msg_88cbe6494e05
info: System.Net.Http.HttpClient.Default.ClientHandler[101]
      Received HTTP response headers after 91.5667ms - 200
info: System.Net.Http.HttpClient.Default.LogicalHandler[101]
      End processing HTTP request after 91.6828ms - 200
info: dotnet_api.Services.DeliveryStatusWorker[0]
      Phase2 GET https://tumirai.co.zw/v1/messages/msg_7f3b793fd57a
info: System.Net.Http.HttpClient.Default.LogicalHandler[100]
      Start processing HTTP request GET https://tumirai.co.zw/v1/messages/msg_7f3b793fd57a
info: System.Net.Http.HttpClient.Default.ClientHandler[100]
      Sending HTTP request GET https://tumirai.co.zw/v1/messages/msg_7f3b793fd57a
info: System.Net.Http.HttpClient.Default.ClientHandler[101]
      Received HTTP response headers after 91.0934ms - 200
info: System.Net.Http.HttpClient.Default.LogicalHandler[101]
      End processing HTTP request after 91.1849ms - 200
info: dotnet_api.Services.DeliveryStatusWorker[0]
      Phase2 GET https://tumirai.co.zw/v1/messages/msg_d7e7c6ed2f8b
info: System.Net.Http.HttpClient.Default.LogicalHandler[100]
      Start processing HTTP request GET https://tumirai.co.zw/v1/messages/msg_d7e7c6ed2f8b
info: System.Net.Http.HttpClient.Default.ClientHandler[100]
      Sending HTTP request GET https://tumirai.co.zw/v1/messages/msg_d7e7c6ed2f8b
info: System.Net.Http.HttpClient.Default.ClientHandler[101]
      Received HTTP response headers after 91.1713ms - 200
info: System.Net.Http.HttpClient.Default.LogicalHandler[101]
      End processing HTTP request after 91.2724ms - 200
info: dotnet_api.Services.DeliveryStatusWorker[0]
      Phase2 GET https://tumirai.co.zw/v1/messages/msg_dd4a7c75b510
info: System.Net.Http.HttpClient.Default.LogicalHandler[100]
      Start processing HTTP request GET https://tumirai.co.zw/v1/messages/msg_dd4a7c75b510
info: System.Net.Http.HttpClient.Default.ClientHandler[100]
      Sending HTTP request GET https://tumirai.co.zw/v1/messages/msg_dd4a7c75b510
info: System.Net.Http.HttpClient.Default.ClientHandler[101]
      Received HTTP response headers after 91.3879ms - 200
info: System.Net.Http.HttpClient.Default.LogicalHandler[101]
      End processing HTTP request after 91.5393ms - 200
info: dotnet_api.Services.DeliveryStatusWorker[0]
      Phase2 GET https://tumirai.co.zw/v1/messages/msg_9148fe74885d
info: System.Net.Http.HttpClient.Default.LogicalHandler[100]
      Start processing HTTP request GET https://tumirai.co.zw/v1/messages/msg_9148fe74885d
info: System.Net.Http.HttpClient.Default.ClientHandler[100]
      Sending HTTP request GET https://tumirai.co.zw/v1/messages/msg_9148fe74885d
info: System.Net.Http.HttpClient.Default.ClientHandler[101]
      Received HTTP response headers after 91.0013ms - 200
info: System.Net.Http.HttpClient.Default.LogicalHandler[101]
      End processing HTTP request after 91.1013ms - 200
info: dotnet_api.Services.DeliveryStatusWorker[0]
      Phase2 GET https://tumirai.co.zw/v1/messages/msg_30d4bfae4d56
info: System.Net.Http.HttpClient.Default.LogicalHandler[100]
      Start processing HTTP request GET https://tumirai.co.zw/v1/messages/msg_30d4bfae4d56
info: System.Net.Http.HttpClient.Default.ClientHandler[100]
      Sending HTTP request GET https://tumirai.co.zw/v1/messages/msg_30d4bfae4d56
info: System.Net.Http.HttpClient.Default.ClientHandler[101]
      Received HTTP response headers after 90.9284ms - 200
info: System.Net.Http.HttpClient.Default.LogicalHandler[101]
      End processing HTTP request after 91.0249ms - 200
info: dotnet_api.Services.DeliveryStatusWorker[0]
      Phase2 GET https://tumirai.co.zw/v1/messages/msg_38cfaad8568b
info: System.Net.Http.HttpClient.Default.LogicalHandler[100]
      Start processing HTTP request GET https://tumirai.co.zw/v1/messages/msg_38cfaad8568b
info: System.Net.Http.HttpClient.Default.ClientHandler[100]
      Sending HTTP request GET https://tumirai.co.zw/v1/messages/msg_38cfaad8568b
info: System.Net.Http.HttpClient.Default.ClientHandler[101]
      Received HTTP response headers after 91.3801ms - 200
info: System.Net.Http.HttpClient.Default.LogicalHandler[101]
      End processing HTTP request after 91.4679ms - 200
info: dotnet_api.Services.DeliveryStatusWorker[0]
      Phase2 GET https://tumirai.co.zw/v1/messages/msg_c076774edcbf
info: System.Net.Http.HttpClient.Default.LogicalHandler[100]
      Start processing HTTP request GET https://tumirai.co.zw/v1/messages/msg_c076774edcbf
info: System.Net.Http.HttpClient.Default.ClientHandler[100]
      Sending HTTP request GET https://tumirai.co.zw/v1/messages/msg_c076774edcbf
info: System.Net.Http.HttpClient.Default.ClientHandler[101]
      Received HTTP response headers after 91.9414ms - 200
info: System.Net.Http.HttpClient.Default.LogicalHandler[101]
      End processing HTTP request after 92.0089ms - 200
info: dotnet_api.Services.DeliveryStatusWorker[0]
      Phase2 GET https://tumirai.co.zw/v1/messages/msg_7a6b2f66c4c6
info: System.Net.Http.HttpClient.Default.LogicalHandler[100]
      Start processing HTTP request GET https://tumirai.co.zw/v1/messages/msg_7a6b2f66c4c6
info: System.Net.Http.HttpClient.Default.ClientHandler[100]
      Sending HTTP request GET https://tumirai.co.zw/v1/messages/msg_7a6b2f66c4c6
info: System.Net.Http.HttpClient.Default.ClientHandler[101]
      Received HTTP response headers after 92.5177ms - 200
info: System.Net.Http.HttpClient.Default.LogicalHandler[101]
      End processing HTTP request after 92.5913ms - 200
info: dotnet_api.Services.DeliveryStatusWorker[0]
      Phase2 GET https://tumirai.co.zw/v1/messages/msg_ebbcee927130
info: System.Net.Http.HttpClient.Default.LogicalHandler[100]
      Start processing HTTP request GET https://tumirai.co.zw/v1/messages/msg_ebbcee927130
info: System.Net.Http.HttpClient.Default.ClientHandler[100]
      Sending HTTP request GET https://tumirai.co.zw/v1/messages/msg_ebbcee927130
info: System.Net.Http.HttpClient.Default.ClientHandler[101]
      Received HTTP response headers after 90.8704ms - 200
info: System.Net.Http.HttpClient.Default.LogicalHandler[101]
      End processing HTTP request after 90.9418ms - 200
info: dotnet_api.Services.DeliveryStatusWorker[0]
      Phase2 GET https://tumirai.co.zw/v1/messages/msg_5c0265b0a956
info: System.Net.Http.HttpClient.Default.LogicalHandler[100]
      Start processing HTTP request GET https://tumirai.co.zw/v1/messages/msg_5c0265b0a956
info: System.Net.Http.HttpClient.Default.ClientHandler[100]
      Sending HTTP request GET https://tumirai.co.zw/v1/messages/msg_5c0265b0a956
info: System.Net.Http.HttpClient.Default.ClientHandler[101]
      Received HTTP response headers after 91.2907ms - 200
info: System.Net.Http.HttpClient.Default.LogicalHandler[101]
      End processing HTTP request after 91.3736ms - 200
info: dotnet_api.Services.DeliveryStatusWorker[0]
      Phase2 GET https://tumirai.co.zw/v1/messages/msg_ea09ce778de0
info: System.Net.Http.HttpClient.Default.LogicalHandler[100]
      Start processing HTTP request GET https://tumirai.co.zw/v1/messages/msg_ea09ce778de0
info: System.Net.Http.HttpClient.Default.ClientHandler[100]
      Sending HTTP request GET https://tumirai.co.zw/v1/messages/msg_ea09ce778de0
info: System.Net.Http.HttpClient.Default.ClientHandler[101]
      Received HTTP response headers after 91.8754ms - 200
info: System.Net.Http.HttpClient.Default.LogicalHandler[101]
      End processing HTTP request after 91.9564ms - 200
info: Microsoft.EntityFrameworkCore.Database.Command[20101]
      Executed DbCommand (1ms) [Parameters=[], CommandType='Text', CommandTimeout='30']
      SELECT 1
info: Microsoft.EntityFrameworkCore.Database.Command[20101]
      Executed DbCommand (1ms) [Parameters=[], CommandType='Text', CommandTimeout='30']
      SELECT 1
info: Microsoft.EntityFrameworkCore.Database.Command[20101]
      Executed DbCommand (1ms) [Parameters=[], CommandType='Text', CommandTimeout='30']
      SELECT OBJECT_ID(N'[__EFMigrationsHistory]');
info: Microsoft.EntityFrameworkCore.Database.Command[20101]
      Executed DbCommand (1ms) [Parameters=[], CommandType='Text', CommandTimeout='30']
      SELECT [MigrationId], [ProductVersion]
      FROM [__EFMigrationsHistory]
      ORDER BY [MigrationId];
info: Microsoft.EntityFrameworkCore.Database.Command[20101]
      Executed DbCommand (3ms) [Parameters=[], CommandType='Text', CommandTimeout='30']
      SELECT 1
info: Microsoft.EntityFrameworkCore.Database.Command[20101]
      Executed DbCommand (1ms) [Parameters=[], CommandType='Text', CommandTimeout='30']
      SELECT 1
info: Microsoft.EntityFrameworkCore.Database.Command[20101]
      Executed DbCommand (1ms) [Parameters=[], CommandType='Text', CommandTimeout='30']
      SELECT OBJECT_ID(N'[__EFMigrationsHistory]');
info: Microsoft.EntityFrameworkCore.Database.Command[20101]
      Executed DbCommand (1ms) [Parameters=[], CommandType='Text', CommandTimeout='30']
      SELECT [MigrationId], [ProductVersion]
      FROM [__EFMigrationsHistory]
      ORDER BY [MigrationId];
