info: Microsoft.EntityFrameworkCore.Database.Command[20101]
      Executed DbCommand (15ms) [Parameters=[], CommandType='Text', CommandTimeout='30']
      SELECT 1
info: Microsoft.EntityFrameworkCore.Database.Command[20101]
      Executed DbCommand (10ms) [Parameters=[], CommandType='Text', CommandTimeout='30']
      SELECT OBJECT_ID(N'[__EFMigrationsHistory]');
info: Microsoft.EntityFrameworkCore.Database.Command[20101]
      Executed DbCommand (1ms) [Parameters=[], CommandType='Text', CommandTimeout='30']
      SELECT 1
info: Microsoft.EntityFrameworkCore.Database.Command[20101]
      Executed DbCommand (6ms) [Parameters=[], CommandType='Text', CommandTimeout='30']
      CREATE TABLE [__EFMigrationsHistory] (
          [MigrationId] nvarchar(150) NOT NULL,
          [ProductVersion] nvarchar(32) NOT NULL,
          CONSTRAINT [PK___EFMigrationsHistory] PRIMARY KEY ([MigrationId])
      );
info: Microsoft.EntityFrameworkCore.Database.Command[20101]
      Executed DbCommand (1ms) [Parameters=[], CommandType='Text', CommandTimeout='30']
      SELECT 1
info: Microsoft.EntityFrameworkCore.Database.Command[20101]
      Executed DbCommand (2ms) [Parameters=[], CommandType='Text', CommandTimeout='30']
      SELECT OBJECT_ID(N'[__EFMigrationsHistory]');
info: Microsoft.EntityFrameworkCore.Database.Command[20101]
      Executed DbCommand (12ms) [Parameters=[], CommandType='Text', CommandTimeout='30']
      SELECT [MigrationId], [ProductVersion]
      FROM [__EFMigrationsHistory]
      ORDER BY [MigrationId];
info: Microsoft.EntityFrameworkCore.Migrations[20402]
      Applying migration '20260227084803_MultiTenantClientsRecipientsBilling'.
info: Microsoft.EntityFrameworkCore.Database.Command[20101]
      Executed DbCommand (3ms) [Parameters=[], CommandType='Text', CommandTimeout='30']
      CREATE TABLE [Users] (
          [Id] nvarchar(50) NOT NULL,
          [Username] nvarchar(50) NOT NULL,
          [Email] nvarchar(255) NOT NULL,
          [PasswordHash] nvarchar(255) NOT NULL,
          [DisplayName] nvarchar(120) NOT NULL,
          [Role] nvarchar(20) NOT NULL,
          [CreatedAt] datetime2 NOT NULL,
          [UpdatedAt] datetime2 NOT NULL,
          [LastLogin] datetime2 NULL,
          [IsActive] bit NOT NULL,
          CONSTRAINT [PK_Users] PRIMARY KEY ([Id])
      );
info: Microsoft.EntityFrameworkCore.Database.Command[20101]
      Executed DbCommand (3ms) [Parameters=[], CommandType='Text', CommandTimeout='30']
      CREATE TABLE [Clients] (
          [Id] nvarchar(50) NOT NULL,
          [UserId] nvarchar(50) NOT NULL,
          [Name] nvarchar(120) NOT NULL,
          [Ssidn] nvarchar(50) NOT NULL,
          [SmsCostPerMessage] decimal(18,4) NOT NULL,
          [CreatedAt] datetime2 NOT NULL,
          [UpdatedAt] datetime2 NOT NULL,
          CONSTRAINT [PK_Clients] PRIMARY KEY ([Id]),
          CONSTRAINT [FK_Clients_Users_UserId] FOREIGN KEY ([UserId]) REFERENCES [Users] ([Id]) ON DELETE CASCADE
      );
info: Microsoft.EntityFrameworkCore.Database.Command[20101]
      Executed DbCommand (2ms) [Parameters=[], CommandType='Text', CommandTimeout='30']
      CREATE TABLE [DeviceTokens] (
          [Id] nvarchar(50) NOT NULL,
          [UserId] nvarchar(50) NOT NULL,
          [Token] nvarchar(500) NOT NULL,
          [DeviceType] nvarchar(20) NOT NULL,
          [IsActive] bit NOT NULL,
          [CreatedAt] datetime2 NOT NULL,
          [UpdatedAt] datetime2 NOT NULL,
          CONSTRAINT [PK_DeviceTokens] PRIMARY KEY ([Id]),
          CONSTRAINT [FK_DeviceTokens_Users_UserId] FOREIGN KEY ([UserId]) REFERENCES [Users] ([Id]) ON DELETE CASCADE
      );
info: Microsoft.EntityFrameworkCore.Database.Command[20101]
      Executed DbCommand (4ms) [Parameters=[], CommandType='Text', CommandTimeout='30']
      CREATE TABLE [Notifications] (
          [Id] nvarchar(50) NOT NULL,
          [UserId] nvarchar(50) NOT NULL,
          [Title] nvarchar(255) NOT NULL,
          [Message] nvarchar(max) NOT NULL,
          [Type] nvarchar(50) NOT NULL,
          [ReferenceId] nvarchar(50) NULL,
          [CreatedByUserId] nvarchar(50) NULL,
          [DeliveryStatus] nvarchar(20) NOT NULL,
          [ErrorDetails] nvarchar(1000) NULL,
          [IsRead] bit NOT NULL,
          [CreatedAt] datetime2 NOT NULL,
          [ReadAt] datetime2 NULL,
          CONSTRAINT [PK_Notifications] PRIMARY KEY ([Id]),
          CONSTRAINT [FK_Notifications_Users_CreatedByUserId] FOREIGN KEY ([CreatedByUserId]) REFERENCES [Users] ([Id]),
          CONSTRAINT [FK_Notifications_Users_UserId] FOREIGN KEY ([UserId]) REFERENCES [Users] ([Id]) ON DELETE CASCADE
      );
info: Microsoft.EntityFrameworkCore.Database.Command[20101]
      Executed DbCommand (2ms) [Parameters=[], CommandType='Text', CommandTimeout='30']
      CREATE TABLE [PasswordResetTokens] (
          [Id] nvarchar(50) NOT NULL,
          [UserId] nvarchar(50) NOT NULL,
          [Token] nvarchar(200) NOT NULL,
          [ExpiresAt] datetime2 NOT NULL,
          [IsUsed] bit NOT NULL,
          [CreatedAt] datetime2 NOT NULL,
          CONSTRAINT [PK_PasswordResetTokens] PRIMARY KEY ([Id]),
          CONSTRAINT [FK_PasswordResetTokens_Users_UserId] FOREIGN KEY ([UserId]) REFERENCES [Users] ([Id]) ON DELETE CASCADE
      );
info: Microsoft.EntityFrameworkCore.Database.Command[20101]
      Executed DbCommand (3ms) [Parameters=[], CommandType='Text', CommandTimeout='30']
      CREATE TABLE [Recipients] (
          [Id] nvarchar(50) NOT NULL,
          [ClientId] nvarchar(50) NOT NULL,
          [Name] nvarchar(120) NOT NULL,
          [PhoneNumber] nvarchar(25) NOT NULL,
          [Email] nvarchar(255) NULL,
          [IsActive] bit NOT NULL,
          [CreatedAt] datetime2 NOT NULL,
          CONSTRAINT [PK_Recipients] PRIMARY KEY ([Id]),
          CONSTRAINT [FK_Recipients_Clients_ClientId] FOREIGN KEY ([ClientId]) REFERENCES [Clients] ([Id]) ON DELETE CASCADE
      );
info: Microsoft.EntityFrameworkCore.Database.Command[20101]
      Executed DbCommand (1ms) [Parameters=[], CommandType='Text', CommandTimeout='30']
      CREATE INDEX [IX_Clients_Ssidn] ON [Clients] ([Ssidn]);
info: Microsoft.EntityFrameworkCore.Database.Command[20101]
      Executed DbCommand (1ms) [Parameters=[], CommandType='Text', CommandTimeout='30']
      CREATE UNIQUE INDEX [IX_Clients_UserId] ON [Clients] ([UserId]);
info: Microsoft.EntityFrameworkCore.Database.Command[20101]
      Executed DbCommand (1ms) [Parameters=[], CommandType='Text', CommandTimeout='30']
      CREATE UNIQUE INDEX [IX_DeviceTokens_Token] ON [DeviceTokens] ([Token]);
info: Microsoft.EntityFrameworkCore.Database.Command[20101]
      Executed DbCommand (1ms) [Parameters=[], CommandType='Text', CommandTimeout='30']
      CREATE INDEX [IX_DeviceTokens_UserId] ON [DeviceTokens] ([UserId]);
info: Microsoft.EntityFrameworkCore.Database.Command[20101]
      Executed DbCommand (1ms) [Parameters=[], CommandType='Text', CommandTimeout='30']
      CREATE INDEX [IX_Notifications_CreatedAt] ON [Notifications] ([CreatedAt]);
info: Microsoft.EntityFrameworkCore.Database.Command[20101]
      Executed DbCommand (2ms) [Parameters=[], CommandType='Text', CommandTimeout='30']
      CREATE INDEX [IX_Notifications_CreatedByUserId] ON [Notifications] ([CreatedByUserId]);
info: Microsoft.EntityFrameworkCore.Database.Command[20101]
      Executed DbCommand (1ms) [Parameters=[], CommandType='Text', CommandTimeout='30']
      CREATE INDEX [IX_Notifications_DeliveryStatus] ON [Notifications] ([DeliveryStatus]);
info: Microsoft.EntityFrameworkCore.Database.Command[20101]
      Executed DbCommand (1ms) [Parameters=[], CommandType='Text', CommandTimeout='30']
      CREATE INDEX [IX_Notifications_IsRead] ON [Notifications] ([IsRead]);
info: Microsoft.EntityFrameworkCore.Database.Command[20101]
      Executed DbCommand (1ms) [Parameters=[], CommandType='Text', CommandTimeout='30']
      CREATE INDEX [IX_Notifications_UserId] ON [Notifications] ([UserId]);
info: Microsoft.EntityFrameworkCore.Database.Command[20101]
      Executed DbCommand (1ms) [Parameters=[], CommandType='Text', CommandTimeout='30']
      CREATE UNIQUE INDEX [IX_PasswordResetTokens_Token] ON [PasswordResetTokens] ([Token]);
info: Microsoft.EntityFrameworkCore.Database.Command[20101]
      Executed DbCommand (1ms) [Parameters=[], CommandType='Text', CommandTimeout='30']
      CREATE INDEX [IX_PasswordResetTokens_UserId] ON [PasswordResetTokens] ([UserId]);
info: Microsoft.EntityFrameworkCore.Database.Command[20101]
      Executed DbCommand (1ms) [Parameters=[], CommandType='Text', CommandTimeout='30']
      CREATE INDEX [IX_Recipients_ClientId] ON [Recipients] ([ClientId]);
info: Microsoft.EntityFrameworkCore.Database.Command[20101]
      Executed DbCommand (1ms) [Parameters=[], CommandType='Text', CommandTimeout='30']
      CREATE INDEX [IX_Recipients_PhoneNumber] ON [Recipients] ([PhoneNumber]);
info: Microsoft.EntityFrameworkCore.Database.Command[20101]
      Executed DbCommand (1ms) [Parameters=[], CommandType='Text', CommandTimeout='30']
      CREATE UNIQUE INDEX [IX_Users_Email] ON [Users] ([Email]);
info: Microsoft.EntityFrameworkCore.Database.Command[20101]
      Executed DbCommand (1ms) [Parameters=[], CommandType='Text', CommandTimeout='30']
      CREATE INDEX [IX_Users_Role] ON [Users] ([Role]);
info: Microsoft.EntityFrameworkCore.Database.Command[20101]
      Executed DbCommand (1ms) [Parameters=[], CommandType='Text', CommandTimeout='30']
      CREATE UNIQUE INDEX [IX_Users_Username] ON [Users] ([Username]);
info: Microsoft.EntityFrameworkCore.Database.Command[20101]
      Executed DbCommand (9ms) [Parameters=[], CommandType='Text', CommandTimeout='30']
      INSERT INTO [__EFMigrationsHistory] ([MigrationId], [ProductVersion])
      VALUES (N'20260227084803_MultiTenantClientsRecipientsBilling', N'8.0.12');
info: Microsoft.EntityFrameworkCore.Migrations[20402]
      Applying migration '20260227091936_RefactorSmsGatewayCredentials'.
info: Microsoft.EntityFrameworkCore.Database.Command[20101]
      Executed DbCommand (2ms) [Parameters=[], CommandType='Text', CommandTimeout='30']
      CREATE TABLE [SmsGateways] (
          [Id] nvarchar(50) NOT NULL,
          [Provider] nvarchar(60) NOT NULL,
          [Name] nvarchar(120) NOT NULL,
          [IsActive] bit NOT NULL,
          [CreatedAt] datetime2 NOT NULL,
          CONSTRAINT [PK_SmsGateways] PRIMARY KEY ([Id])
      );
info: Microsoft.EntityFrameworkCore.Database.Command[20101]
      Executed DbCommand (4ms) [Parameters=[], CommandType='Text', CommandTimeout='30']
      CREATE TABLE [ClientSmsGateways] (
          [Id] nvarchar(50) NOT NULL,
          [ClientId] nvarchar(50) NOT NULL,
          [SmsGatewayId] nvarchar(50) NOT NULL,
          [CreatedAt] datetime2 NOT NULL,
          CONSTRAINT [PK_ClientSmsGateways] PRIMARY KEY ([Id]),
          CONSTRAINT [FK_ClientSmsGateways_Clients_ClientId] FOREIGN KEY ([ClientId]) REFERENCES [Clients] ([Id]) ON DELETE CASCADE,
          CONSTRAINT [FK_ClientSmsGateways_SmsGateways_SmsGatewayId] FOREIGN KEY ([SmsGatewayId]) REFERENCES [SmsGateways] ([Id]) ON DELETE CASCADE
      );
info: Microsoft.EntityFrameworkCore.Database.Command[20101]
      Executed DbCommand (2ms) [Parameters=[], CommandType='Text', CommandTimeout='30']
      CREATE TABLE [SmsGatewayCredentials] (
          [Id] nvarchar(50) NOT NULL,
          [SmsGatewayId] nvarchar(50) NOT NULL,
          [Key] nvarchar(60) NOT NULL,
          [Value] nvarchar(255) NOT NULL,
          [CreatedAt] datetime2 NOT NULL,
          CONSTRAINT [PK_SmsGatewayCredentials] PRIMARY KEY ([Id]),
          CONSTRAINT [FK_SmsGatewayCredentials_SmsGateways_SmsGatewayId] FOREIGN KEY ([SmsGatewayId]) REFERENCES [SmsGateways] ([Id]) ON DELETE CASCADE
      );
info: Microsoft.EntityFrameworkCore.Database.Command[20101]
      Executed DbCommand (1ms) [Parameters=[], CommandType='Text', CommandTimeout='30']
      CREATE UNIQUE INDEX [IX_ClientSmsGateways_ClientId] ON [ClientSmsGateways] ([ClientId]);
info: Microsoft.EntityFrameworkCore.Database.Command[20101]
      Executed DbCommand (1ms) [Parameters=[], CommandType='Text', CommandTimeout='30']
      CREATE INDEX [IX_ClientSmsGateways_SmsGatewayId] ON [ClientSmsGateways] ([SmsGatewayId]);
info: Microsoft.EntityFrameworkCore.Database.Command[20101]
      Executed DbCommand (1ms) [Parameters=[], CommandType='Text', CommandTimeout='30']
      CREATE UNIQUE INDEX [IX_SmsGatewayCredentials_SmsGatewayId_Key] ON [SmsGatewayCredentials] ([SmsGatewayId], [Key]);
info: Microsoft.EntityFrameworkCore.Database.Command[20101]
      Executed DbCommand (1ms) [Parameters=[], CommandType='Text', CommandTimeout='30']
      CREATE INDEX [IX_SmsGateways_Provider] ON [SmsGateways] ([Provider]);
info: Microsoft.EntityFrameworkCore.Database.Command[20101]
      Executed DbCommand (1ms) [Parameters=[], CommandType='Text', CommandTimeout='30']
      INSERT INTO [__EFMigrationsHistory] ([MigrationId], [ProductVersion])
      VALUES (N'20260227091936_RefactorSmsGatewayCredentials', N'8.0.12');
info: Microsoft.EntityFrameworkCore.Migrations[20402]
      Applying migration '20260302000001_AddRecipientsSummaryToNotification'.
info: Microsoft.EntityFrameworkCore.Database.Command[20101]
      Executed DbCommand (2ms) [Parameters=[], CommandType='Text', CommandTimeout='30']
      ALTER TABLE [Notifications] ADD [RecipientsSummary] nvarchar(max) NULL;
info: Microsoft.EntityFrameworkCore.Database.Command[20101]
      Executed DbCommand (0ms) [Parameters=[], CommandType='Text', CommandTimeout='30']
      INSERT INTO [__EFMigrationsHistory] ([MigrationId], [ProductVersion])
      VALUES (N'20260302000001_AddRecipientsSummaryToNotification', N'8.0.12');
info: Microsoft.EntityFrameworkCore.Migrations[20402]
      Applying migration '20260307000001_AddAddressAgeRangeGenderToRecipient'.
info: Microsoft.EntityFrameworkCore.Database.Command[20101]
      Executed DbCommand (1ms) [Parameters=[], CommandType='Text', CommandTimeout='30']
      ALTER TABLE [Recipients] ADD [Address] nvarchar(255) NULL;
info: Microsoft.EntityFrameworkCore.Database.Command[20101]
      Executed DbCommand (1ms) [Parameters=[], CommandType='Text', CommandTimeout='30']
      ALTER TABLE [Recipients] ADD [AgeRange] nvarchar(20) NULL;
info: Microsoft.EntityFrameworkCore.Database.Command[20101]
      Executed DbCommand (1ms) [Parameters=[], CommandType='Text', CommandTimeout='30']
      ALTER TABLE [Recipients] ADD [Gender] nvarchar(20) NULL;
info: Microsoft.EntityFrameworkCore.Database.Command[20101]
      Executed DbCommand (0ms) [Parameters=[], CommandType='Text', CommandTimeout='30']
      INSERT INTO [__EFMigrationsHistory] ([MigrationId], [ProductVersion])
      VALUES (N'20260307000001_AddAddressAgeRangeGenderToRecipient', N'8.0.12');
warn: Microsoft.AspNetCore.DataProtection.Repositories.EphemeralXmlRepository[50]
      Using an in-memory repository. Keys will not be persisted to storage.
warn: Microsoft.AspNetCore.DataProtection.KeyManagement.XmlKeyManager[59]
      Neither user profile nor HKLM registry available. Using an ephemeral key repository. Protected data will be unavailable when application exits.
warn: Microsoft.AspNetCore.DataProtection.KeyManagement.XmlKeyManager[35]
      No XML encryptor configured. Key {f0480c81-fa16-40ab-9338-c5749147009d} may be persisted to storage in unencrypted form.
info: Microsoft.Hosting.Lifetime[14]
      Now listening on: http://127.0.0.1:36169
info: Microsoft.Hosting.Lifetime[0]
      Application started. Press Ctrl+C to shut down.
info: Microsoft.Hosting.Lifetime[0]
      Hosting environment: Production
info: Microsoft.Hosting.Lifetime[0]
      Content root path: h:\root\home\steinovate-002\www\izwi
info: Microsoft.EntityFrameworkCore.Database.Command[20101]
      Executed DbCommand (12ms) [Parameters=[], CommandType='Text', CommandTimeout='30']
      SELECT 1
info: Microsoft.EntityFrameworkCore.Database.Command[20101]
      Executed DbCommand (1ms) [Parameters=[], CommandType='Text', CommandTimeout='30']
      SELECT 1
info: Microsoft.EntityFrameworkCore.Database.Command[20101]
      Executed DbCommand (9ms) [Parameters=[], CommandType='Text', CommandTimeout='30']
      SELECT OBJECT_ID(N'[__EFMigrationsHistory]');
info: Microsoft.EntityFrameworkCore.Database.Command[20101]
      Executed DbCommand (2ms) [Parameters=[], CommandType='Text', CommandTimeout='30']
      SELECT [MigrationId], [ProductVersion]
      FROM [__EFMigrationsHistory]
      ORDER BY [MigrationId];
info: Microsoft.Hosting.Lifetime[0]
      Application is shutting down...
